// Jest Snapshot v1, https://goo.gl/fbAQLP

exports[`ProductDetail Renders correctly 1`] = `""`;

exports[`ProductDetail renders correctly 1`] = `""`;
